../Core/Src/main.c:71:6:displayNumber	48	static
../Core/Src/main.c:77:6:printValue	16	static
../Core/Src/main.c:81:6:HAL_ADC_ConvCpltCallback	16	static
../Core/Src/main.c:90:5:main	8	static
../Core/Src/main.c:141:6:SystemClock_Config	88	static
../Core/Src/main.c:199:13:MX_ADC1_Init	24	static
../Core/Src/main.c:251:13:MX_TIM1_Init	40	static
../Core/Src/main.c:298:13:MX_TIM2_Init	40	static
../Core/Src/main.c:343:13:MX_USART3_UART_Init	8	static
../Core/Src/main.c:378:13:MX_USB_OTG_FS_PCD_Init	8	static
../Core/Src/main.c:413:13:MX_GPIO_Init	56	static
../Core/Src/main.c:503:6:Error_Handler	4	static,ignoring_inline_asm
