../Core/Src/main.c:68:6:displayNumber	48	static
../Core/Src/main.c:74:6:printValue	16	static
../Core/Src/main.c:78:6:TIM1_UP_TIM10_IRQHandler	4	static
../Core/Src/main.c:87:5:main	8	static
../Core/Src/main.c:137:6:SystemClock_Config	88	static
../Core/Src/main.c:192:13:MX_TIM1_Init	40	static
../Core/Src/main.c:239:13:MX_TIM2_Init	40	static
../Core/Src/main.c:284:13:MX_USART3_UART_Init	8	static
../Core/Src/main.c:319:13:MX_GPIO_Init	16	static
../Core/Src/main.c:337:6:MPU_Config	24	static
../Core/Src/main.c:368:6:Error_Handler	4	static,ignoring_inline_asm
